// Vitest Snapshot v1

exports[`mount component 1`] = `"<div id=\\"a\\" style=\\"color: rgb(233, 30, 99); display: flex; flex-wrap: wrap;\\" value=\\"test\\"></div>"`;
